[0m18:40:18.869838 [debug] [MainThread]: Sending event: {'category': 'dbt', 'action': 'invocation', 'label': 'start', 'context': [<snowplow_tracker.self_describing_json.SelfDescribingJson object at 0x000002841318C2F0>, <snowplow_tracker.self_describing_json.SelfDescribingJson object at 0x00000284108C0A50>, <snowplow_tracker.self_describing_json.SelfDescribingJson object at 0x00000284152C3890>]}


============================== 18:40:18.875601 | 526cefe1-fa05-4036-a11d-c8031a337978 ==============================
[0m18:40:18.875601 [info ] [MainThread]: Running with dbt=1.12.0-b1
[0m18:40:18.876422 [debug] [MainThread]: running dbt with arguments {'static_parser': 'True', 'no_print': 'None', 'version_check': 'True', 'target_path': 'None', 'warn_error_options': 'WarnErrorOptionsV2(error=[], warn=[], silence=[])', 'printer_width': '80', 'write_json': 'True', 'empty': 'None', 'log_cache_events': 'False', 'introspect': 'True', 'cache_selected_only': 'False', 'fail_fast': 'False', 'debug': 'False', 'log_format': 'default', 'partial_parse': 'True', 'send_anonymous_usage_stats': 'True', 'quiet': 'False', 'warn_error': 'None', 'profiles_dir': 'C:\\Users\\vikto\\.dbt', 'indirect_selection': 'eager', 'use_colors': 'True', 'invocation_command': 'dbt init transform', 'use_experimental_parser': 'False', 'log_path': 'logs'}
[0m18:40:18.891771 [debug] [MainThread]: Starter project path: D:\Coding\spotify-analytics-pipeline\.venv\Lib\site-packages\dbt\include\starter_project
[0m18:40:18.903497 [info ] [MainThread]: Setting up your profile.
[0m18:43:29.056431 [info ] [MainThread]: Profile transform written to C:\Users\vikto\.dbt\profiles.yml using target's profile_template.yml and your supplied values.
[0m18:43:29.062226 [info ] [MainThread]: Running dbt debug to validate the project...
[0m18:43:29.063407 [info ] [MainThread]: dbt version: 1.12.0-b1
[0m18:43:29.063984 [info ] [MainThread]: python version: 3.14.4
[0m18:43:29.064503 [info ] [MainThread]: python path: D:\Coding\spotify-analytics-pipeline\.venv\Scripts\python.exe
[0m18:43:29.065225 [info ] [MainThread]: os info: Windows-11-10.0.26200-SP0
[0m18:43:29.090166 [info ] [MainThread]: Using profiles dir at C:\Users\vikto\.dbt
[0m18:43:29.090753 [info ] [MainThread]: Using profiles.yml file at C:\Users\vikto\.dbt\profiles.yml
[0m18:43:29.091201 [info ] [MainThread]: Using dbt_project.yml file at D:\Coding\spotify-analytics-pipeline\transform\dbt_project.yml
[0m18:43:29.092064 [info ] [MainThread]: adapter type: postgres
[0m18:43:29.092462 [info ] [MainThread]: adapter version: 1.10.0
[0m18:43:29.181826 [info ] [MainThread]: Configuration:
[0m18:43:29.182861 [info ] [MainThread]:   profiles.yml file [[32mOK found and valid[0m]
[0m18:43:29.183757 [info ] [MainThread]:   dbt_project.yml file [[32mOK found and valid[0m]
[0m18:43:29.184445 [info ] [MainThread]: Required dependencies:
[0m18:43:29.184879 [debug] [MainThread]: Executing "git --help"
[0m18:43:29.304903 [debug] [MainThread]: STDOUT: "b"usage: git [-v | --version] [-h | --help] [-C <path>] [-c <name>=<value>]\n           [--exec-path[=<path>]] [--html-path] [--man-path] [--info-path]\n           [-p | --paginate | -P | --no-pager] [--no-replace-objects] [--no-lazy-fetch]\n           [--no-optional-locks] [--no-advice] [--bare] [--git-dir=<path>]\n           [--work-tree=<path>] [--namespace=<name>] [--config-env=<name>=<envvar>]\n           <command> [<args>]\n\nThese are common Git commands used in various situations:\n\nstart a working area (see also: git help tutorial)\n   clone      Clone a repository into a new directory\n   init       Create an empty Git repository or reinitialize an existing one\n\nwork on the current change (see also: git help everyday)\n   add        Add file contents to the index\n   mv         Move or rename a file, a directory, or a symlink\n   restore    Restore working tree files\n   rm         Remove files from the working tree and from the index\n\nexamine the history and state (see also: git help revisions)\n   bisect     Use binary search to find the commit that introduced a bug\n   diff       Show changes between commits, commit and working tree, etc\n   grep       Print lines matching a pattern\n   log        Show commit logs\n   show       Show various types of objects\n   status     Show the working tree status\n\ngrow, mark and tweak your common history\n   backfill   Download missing objects in a partial clone\n   branch     List, create, or delete branches\n   commit     Record changes to the repository\n   history    EXPERIMENTAL: Rewrite history\n   merge      Join two or more development histories together\n   rebase     Reapply commits on top of another base tip\n   reset      Set `HEAD` or the index to a known state\n   switch     Switch branches\n   tag        Create, list, delete or verify tags\n\ncollaborate (see also: git help workflows)\n   fetch      Download objects and refs from another repository\n   pull       Fetch from and integrate with another repository or a local branch\n   push       Update remote refs along with associated objects\n\n'git help -a' and 'git help -g' list available subcommands and some\nconcept guides. See 'git help <command>' or 'git help <concept>'\nto read about a specific subcommand or concept.\nSee 'git help git' for an overview of the system.\n""
[0m18:43:29.305429 [debug] [MainThread]: STDERR: "b''"
[0m18:43:29.305767 [info ] [MainThread]:  - git [[32mOK found[0m]

[0m18:43:29.306247 [info ] [MainThread]: Connection:
[0m18:43:29.306685 [info ] [MainThread]:   host: ep-falling-lab-almsm4x1.c-3.eu-central-1.aws.neon.tech
[0m18:43:29.306976 [info ] [MainThread]:   port: 5432
[0m18:43:29.307460 [info ] [MainThread]:   user: neondb_owner
[0m18:43:29.307857 [info ] [MainThread]:   database: neondb
[0m18:43:29.308110 [info ] [MainThread]:   schema: public
[0m18:43:29.308367 [info ] [MainThread]:   connect_timeout: 10
[0m18:43:29.308766 [info ] [MainThread]:   role: None
[0m18:43:29.309037 [info ] [MainThread]:   search_path: None
[0m18:43:29.309290 [info ] [MainThread]:   keepalives_idle: 0
[0m18:43:29.309569 [info ] [MainThread]:   sslmode: None
[0m18:43:29.309970 [info ] [MainThread]:   sslcert: None
[0m18:43:29.310212 [info ] [MainThread]:   sslkey: None
[0m18:43:29.310457 [info ] [MainThread]:   sslrootcert: None
[0m18:43:29.310669 [info ] [MainThread]:   application_name: dbt
[0m18:43:29.310928 [info ] [MainThread]:   retries: 1
[0m18:43:29.311549 [info ] [MainThread]: Registered adapter: postgres=1.10.0
[0m18:43:29.558725 [debug] [MainThread]: Acquiring new postgres connection 'debug'
[0m18:43:29.621567 [debug] [MainThread]: Using postgres connection "debug"
[0m18:43:29.621946 [debug] [MainThread]: On debug: select 1 as id
[0m18:43:29.622175 [debug] [MainThread]: Opening a new connection, currently in state init
[0m18:43:30.461542 [debug] [MainThread]: SQL status: SELECT 1 in 0.839 seconds
[0m18:43:30.464104 [debug] [MainThread]: On debug: Close
[0m18:43:30.465071 [info ] [MainThread]:   Connection test: [[32mOK connection ok[0m]

[0m18:43:30.465605 [info ] [MainThread]: [32mAll checks passed![0m
[0m18:43:30.466174 [info ] [MainThread]: Your new dbt project "transform" was created!
Initialized new project in D:\Coding\spotify-analytics-pipeline\transform\transform

For more information on how to configure the profiles.yml file,
please consult the dbt documentation here:

  https://docs.getdbt.com/docs/configure-your-profile

One more thing:

Need help? Don't hesitate to reach out to us via GitHub issues or on Slack:

  https://community.getdbt.com/

Happy modeling!

[0m18:43:30.467628 [debug] [MainThread]: Command `dbt init` succeeded at 18:43:30.467465 after 191.77 seconds
[0m18:43:30.467973 [debug] [MainThread]: Connection 'debug' was properly closed.
[0m18:43:30.468362 [debug] [MainThread]: Sending event: {'category': 'dbt', 'action': 'invocation', 'label': 'end', 'context': [<snowplow_tracker.self_describing_json.SelfDescribingJson object at 0x0000028415112650>, <snowplow_tracker.self_describing_json.SelfDescribingJson object at 0x00000284158BDA30>, <snowplow_tracker.self_describing_json.SelfDescribingJson object at 0x0000028412D03020>]}
[0m18:43:30.468983 [debug] [MainThread]: Flushing usage events
[0m18:43:31.265987 [debug] [MainThread]: An error was encountered while trying to flush usage events
[0m18:55:28.521578 [debug] [MainThread]: Sending event: {'category': 'dbt', 'action': 'invocation', 'label': 'start', 'context': [<snowplow_tracker.self_describing_json.SelfDescribingJson object at 0x0000019BFCC5BB60>, <snowplow_tracker.self_describing_json.SelfDescribingJson object at 0x0000019BFA570B90>, <snowplow_tracker.self_describing_json.SelfDescribingJson object at 0x0000019BFEFB39D0>]}


============================== 18:55:28.526615 | 58f2e299-4192-462e-b716-ca82261d6f5c ==============================
[0m18:55:28.526615 [info ] [MainThread]: Running with dbt=1.12.0-b1
[0m18:55:28.527632 [debug] [MainThread]: running dbt with arguments {'static_parser': 'True', 'no_print': 'None', 'version_check': 'True', 'warn_error_options': 'WarnErrorOptionsV2(error=[], warn=[], silence=[])', 'target_path': 'None', 'printer_width': '80', 'write_json': 'True', 'introspect': 'True', 'log_cache_events': 'False', 'empty': 'False', 'cache_selected_only': 'False', 'log_format': 'default', 'debug': 'False', 'fail_fast': 'False', 'profiles_dir': 'C:\\Users\\vikto\\.dbt', 'send_anonymous_usage_stats': 'True', 'quiet': 'False', 'warn_error': 'None', 'partial_parse': 'True', 'use_colors': 'True', 'indirect_selection': 'eager', 'invocation_command': 'dbt run', 'use_experimental_parser': 'False', 'log_path': 'logs'}
[0m18:55:28.528158 [error] [MainThread]: [[31mERROR[0m]: Encountered an error:
Runtime Error
  No dbt_project.yml found at expected path D:\Coding\spotify-analytics-pipeline\dbt_project.yml
  Verify that each entry within packages.yml (and their transitive dependencies) contains a file named dbt_project.yml
  
[0m18:55:28.529088 [debug] [MainThread]: Command `dbt run` failed at 18:55:28.528966 after 0.18 seconds
[0m18:55:28.529383 [debug] [MainThread]: Sending event: {'category': 'dbt', 'action': 'invocation', 'label': 'end', 'context': [<snowplow_tracker.self_describing_json.SelfDescribingJson object at 0x0000019BFEE129E0>, <snowplow_tracker.self_describing_json.SelfDescribingJson object at 0x0000019BFEF4A570>, <snowplow_tracker.self_describing_json.SelfDescribingJson object at 0x0000019BFEF678A0>]}
[0m18:55:28.529658 [debug] [MainThread]: Flushing usage events
[0m18:55:29.314950 [debug] [MainThread]: An error was encountered while trying to flush usage events
